Gestão de uma Cadeia de Restaurantes
1 - Novo
2 - Abrir
3 - Guardar
4 - Guardar Como...
5 - Gestão de Clientes
6 - Gestão de Alimentos
7 - Gestão de Restaurantes
8 - Consultas
0 - Sair
Escolha uma opção: Guardar antes de fechar? Gestão de uma Cadeia de Restaurantes
1 - Novo
2 - Abrir
3 - Guardar
4 - Guardar Como...
5 - Gestão de Clientes
6 - Gestão de Alimentos
7 - Gestão de Restaurantes
8 - Consultas
0 - Sair
Escolha uma opção: Gestão de Clientes
1 - Visualizar clientes
2 - Registar cliente
3 - Alterar tipo
4 - Inscrever em lista
5 - Remover de lista
6 - Listar mensagens
0 - Sair
Escolha uma opção: Gestão de Clientes
1 - Visualizar clientes
2 - Registar cliente
3 - Alterar tipo
4 - Inscrever em lista
5 - Remover de lista
6 - Listar mensagens
0 - Sair
Escolha uma opção: Gestão de uma Cadeia de Restaurantes
1 - Novo
2 - Abrir
3 - Guardar
4 - Guardar Como...
5 - Gestão de Clientes
6 - Gestão de Alimentos
7 - Gestão de Restaurantes
8 - Consultas
0 - Sair
Escolha uma opção: Gestão de Alimentos
1 - Visualizar alimentos
2 - Registar alimento simples
3 - Registar alimento preparado
4 - Alterar alimento simples
5 - Descrever alimento preparado
0 - Sair
Escolha uma opção: Gestão de Alimentos
1 - Visualizar alimentos
2 - Registar alimento simples
3 - Registar alimento preparado
4 - Alterar alimento simples
5 - Descrever alimento preparado
0 - Sair
Escolha uma opção: Gestão de uma Cadeia de Restaurantes
1 - Novo
2 - Abrir
3 - Guardar
4 - Guardar Como...
5 - Gestão de Clientes
6 - Gestão de Alimentos
7 - Gestão de Restaurantes
8 - Consultas
0 - Sair
Escolha uma opção: Gestão de Restaurantes
1 - Visualizar restaurantes
2 - Registar restaurante
3 - Menu de um restaurante
0 - Sair
Escolha uma opção: Gestão de Restaurantes
1 - Visualizar restaurantes
2 - Registar restaurante
3 - Menu de um restaurante
0 - Sair
Escolha uma opção: Gestão de uma Cadeia de Restaurantes
1 - Novo
2 - Abrir
3 - Guardar
4 - Guardar Como...
5 - Gestão de Clientes
6 - Gestão de Alimentos
7 - Gestão de Restaurantes
8 - Consultas
0 - Sair
Escolha uma opção: 