Ficheiro a abrir: Gestão de Vendas
1 - Visualizar pratos do dia
2 - Adicionar ao carrinho de compras
3 - Pagar
0 - Sair
Escolha uma opção: Ficheiro a guardar: 