Gestão de uma Cadeia de Restaurantes
1 - Novo
2 - Abrir
3 - Guardar
4 - Guardar Como...
5 - Gestão de Clientes
6 - Gestão de Alimentos
7 - Gestão de Restaurantes
8 - Consultas
0 - Sair
Escolha uma opção: Ficheiro a abrir: Gestão de uma Cadeia de Restaurantes
1 - Novo
2 - Abrir
3 - Guardar
4 - Guardar Como...
5 - Gestão de Clientes
6 - Gestão de Alimentos
7 - Gestão de Restaurantes
8 - Consultas
0 - Sair
Escolha uma opção: Consultas
1 - Ver pratos vegetarianos disponíveis
2 - Ver clientes sem mensagens de alerta
3 - Ver clientes com encomendas finalizadas
4 - Ver restaurantes com descontos
0 - Sair
Escolha uma opção: OMNIVOROUS|James T. Kirk|kirk@starfleet.net|1|1|32
OMNIVOROUS|Darth Vader|vader@imperial.net|1|4|64
Consultas
1 - Ver pratos vegetarianos disponíveis
2 - Ver clientes sem mensagens de alerta
3 - Ver clientes com encomendas finalizadas
4 - Ver restaurantes com descontos
0 - Sair
Escolha uma opção: Gestão de uma Cadeia de Restaurantes
1 - Novo
2 - Abrir
3 - Guardar
4 - Guardar Como...
5 - Gestão de Clientes
6 - Gestão de Alimentos
7 - Gestão de Restaurantes
8 - Consultas
0 - Sair
Escolha uma opção: 