Gestão de uma Cadeia de Restaurantes
1 - Novo
2 - Abrir
3 - Guardar
4 - Guardar Como...
5 - Gestão de Clientes
6 - Gestão de Alimentos
7 - Gestão de Restaurantes
8 - Consultas
0 - Sair
Escolha uma opção: Gestão de Restaurantes
1 - Visualizar restaurantes
2 - Registar restaurante
3 - Menu de um restaurante
0 - Sair
Escolha uma opção: Identificador do restaurante (nome): Gestão de um Restaurante
1 - Visualizar pratos do dia
2 - Criar prato do dia
3 - Calcular calorias
4 - Disponibilizar prato do dia
5 - Indisponibilizar prato do dia
6 - Alterar desconto
0 - Sair
Escolha uma opção: VEG|alface|5|0|UNAVAILABLE
NOVEG|linguado grelhado|12|0|UNAVAILABLE
VEG|salada mista|2|0|UNAVAILABLE
Gestão de um Restaurante
1 - Visualizar pratos do dia
2 - Criar prato do dia
3 - Calcular calorias
4 - Disponibilizar prato do dia
5 - Indisponibilizar prato do dia
6 - Alterar desconto
0 - Sair
Escolha uma opção: Identificador do prato do dia (nome): Gestão de um Restaurante
1 - Visualizar pratos do dia
2 - Criar prato do dia
3 - Calcular calorias
4 - Disponibilizar prato do dia
5 - Indisponibilizar prato do dia
6 - Alterar desconto
0 - Sair
Escolha uma opção: Identificador do prato do dia (nome): desconto a aplicar ao prato do dia (inteiro entre 0 e 100): Gestão de um Restaurante
1 - Visualizar pratos do dia
2 - Criar prato do dia
3 - Calcular calorias
4 - Disponibilizar prato do dia
5 - Indisponibilizar prato do dia
6 - Alterar desconto
0 - Sair
Escolha uma opção: VEG|alface|5|50|AVAILABLE
NOVEG|linguado grelhado|12|0|UNAVAILABLE
VEG|salada mista|2|0|UNAVAILABLE
Gestão de um Restaurante
1 - Visualizar pratos do dia
2 - Criar prato do dia
3 - Calcular calorias
4 - Disponibilizar prato do dia
5 - Indisponibilizar prato do dia
6 - Alterar desconto
0 - Sair
Escolha uma opção: Gestão de Restaurantes
1 - Visualizar restaurantes
2 - Registar restaurante
3 - Menu de um restaurante
0 - Sair
Escolha uma opção: Gestão de uma Cadeia de Restaurantes
1 - Novo
2 - Abrir
3 - Guardar
4 - Guardar Como...
5 - Gestão de Clientes
6 - Gestão de Alimentos
7 - Gestão de Restaurantes
8 - Consultas
0 - Sair
Escolha uma opção: Consultas
1 - Ver pratos vegetarianos disponíveis
2 - Ver clientes sem mensagens de alerta
3 - Ver clientes com encomendas finalizadas
4 - Ver restaurantes com descontos
0 - Sair
Escolha uma opção: All you want|0|0
Feel light|0|0
Consultas
1 - Ver pratos vegetarianos disponíveis
2 - Ver clientes sem mensagens de alerta
3 - Ver clientes com encomendas finalizadas
4 - Ver restaurantes com descontos
0 - Sair
Escolha uma opção: Gestão de uma Cadeia de Restaurantes
1 - Novo
2 - Abrir
3 - Guardar
4 - Guardar Como...
5 - Gestão de Clientes
6 - Gestão de Alimentos
7 - Gestão de Restaurantes
8 - Consultas
0 - Sair
Escolha uma opção: 