Ficheiro a abrir: Gestão de Vendas
1 - Visualizar pratos do dia
2 - Adicionar ao carrinho de compras
3 - Pagar
0 - Sair
Escolha uma opção: VEG|alface
NOVEG|linguado grelhado
VEG|salada mista
Gestão de Vendas
1 - Visualizar pratos do dia
2 - Adicionar ao carrinho de compras
3 - Pagar
0 - Sair
Escolha uma opção: Identificador do cliente (e-mail): Prato do dia a encomendar (nome): Número de doses a encomendar: All Pizza|3|30
All you want|5|100
Feel light|1|100
Em que restaurante pretende efetuar a encomenda (nome): Gestão de Vendas
1 - Visualizar pratos do dia
2 - Adicionar ao carrinho de compras
3 - Pagar
0 - Sair
Escolha uma opção: Identificador do cliente (e-mail): Gestão de Vendas
1 - Visualizar pratos do dia
2 - Adicionar ao carrinho de compras
3 - Pagar
0 - Sair
Escolha uma opção: Ficheiro a guardar: 