Ficheiro a abrir: Gestão de Vendas
1 - Visualizar pratos do dia
2 - Adicionar ao carrinho de compras
3 - Pagar
0 - Sair
Escolha uma opção: Identificador do cliente (e-mail): Prato do dia a encomendar (nome): Número de doses a encomendar: Adicionar ao carrinho de compras: Operação inválida: O prato pretendido com o nome 'linguado grelhado' não é apropriado para o client 'a@a.edu'.
Gestão de Vendas
1 - Visualizar pratos do dia
2 - Adicionar ao carrinho de compras
3 - Pagar
0 - Sair
Escolha uma opção: Ficheiro a guardar: 